// Jest Snapshot v1, https://goo.gl/fbAQLP

exports[`List component renders the UI as expected 1`] = `
<section
  className="List"
>
  <header
    className="List-header"
  >
    <h2>
      Daily
    </h2>
  </header>
  <div
    className="List-cards"
  >
    <div
      className="Card "
    >
      <h3>
        First card
      </h3>
      <p>
        lorem ipsum
      </p>
      <div
        className="Card-buttons"
      >
        <button
          onClick={[Function]}
          type="button"
        >
          Purchased
        </button>
        <button
          onClick={[Function]}
          type="button"
        >
          Remove
        </button>
        <button
          onClick={[Function]}
          type="button"
        >
          Save for Later
        </button>
      </div>
    </div>
    <div
      className="Card "
    >
      <h3>
        Second card
      </h3>
      <p>
        lorem ipsum
      </p>
      <div
        className="Card-buttons"
      >
        <button
          onClick={[Function]}
          type="button"
        >
          Purchased
        </button>
        <button
          onClick={[Function]}
          type="button"
        >
          Remove
        </button>
        <button
          onClick={[Function]}
          type="button"
        >
          Save for Later
        </button>
      </div>
    </div>
    <div
      className="Card "
    >
      <h3>
        Fifth card
      </h3>
      <p>
        lorem ipsum
      </p>
      <div
        className="Card-buttons"
      >
        <button
          onClick={[Function]}
          type="button"
        >
          Purchased
        </button>
        <button
          onClick={[Function]}
          type="button"
        >
          Remove
        </button>
        <button
          onClick={[Function]}
          type="button"
        >
          Save for Later
        </button>
      </div>
    </div>
    <div
      className="Card "
    >
      <h3>
        Sixth card
      </h3>
      <p>
        lorem ipsum
      </p>
      <div
        className="Card-buttons"
      >
        <button
          onClick={[Function]}
          type="button"
        >
          Purchased
        </button>
        <button
          onClick={[Function]}
          type="button"
        >
          Remove
        </button>
        <button
          onClick={[Function]}
          type="button"
        >
          Save for Later
        </button>
      </div>
    </div>
    <div
      className="Card "
    >
      <h3>
        Seventh card
      </h3>
      <p>
        lorem ipsum
      </p>
      <div
        className="Card-buttons"
      >
        <button
          onClick={[Function]}
          type="button"
        >
          Purchased
        </button>
        <button
          onClick={[Function]}
          type="button"
        >
          Remove
        </button>
        <button
          onClick={[Function]}
          type="button"
        >
          Save for Later
        </button>
      </div>
    </div>
    <div
      className="Card "
    >
      <h3>
        Tenth card
      </h3>
      <p>
        lorem ipsum
      </p>
      <div
        className="Card-buttons"
      >
        <button
          onClick={[Function]}
          type="button"
        >
          Purchased
        </button>
        <button
          onClick={[Function]}
          type="button"
        >
          Remove
        </button>
        <button
          onClick={[Function]}
          type="button"
        >
          Save for Later
        </button>
      </div>
    </div>
    <div
      className="Card "
    >
      <h3>
        Twelfth card
      </h3>
      <p>
        lorem ipsum
      </p>
      <div
        className="Card-buttons"
      >
        <button
          onClick={[Function]}
          type="button"
        >
          Purchased
        </button>
        <button
          onClick={[Function]}
          type="button"
        >
          Remove
        </button>
        <button
          onClick={[Function]}
          type="button"
        >
          Save for Later
        </button>
      </div>
    </div>
    <div
      className="Card "
    >
      <h3>
        Thirteenth card
      </h3>
      <p>
        lorem ipsum
      </p>
      <div
        className="Card-buttons"
      >
        <button
          onClick={[Function]}
          type="button"
        >
          Purchased
        </button>
        <button
          onClick={[Function]}
          type="button"
        >
          Remove
        </button>
        <button
          onClick={[Function]}
          type="button"
        >
          Save for Later
        </button>
      </div>
    </div>
    <button
      className="List-add-button"
      onClick={[Function]}
      type="button"
    >
      + Add Card
    </button>
  </div>
</section>
`;
