// Jest Snapshot v1, https://goo.gl/fbAQLP

exports[`Card component renders the UI as expected 1`] = `
<div
  className="Card "
>
  <h3>
    First card
  </h3>
  <p>
    lorem ipsum
  </p>
  <div
    className="Card-buttons"
  >
    <button
      onClick={[Function]}
      type="button"
    >
      Purchased
    </button>
    <button
      onClick={[Function]}
      type="button"
    >
      Remove
    </button>
    <button
      onClick={[Function]}
      type="button"
    >
      Save for Later
    </button>
  </div>
</div>
`;
